// Jest Snapshot v1, https://goo.gl/fbAQLP

exports[`render correctly with value 1`] = `
Array [
  <View
    style={
      Object {
        "position": "absolute",
        "right": 43.47826086956519,
        "top": -162.85024154589374,
      }
    }
  >
    <RNGestureHandlerButton
      collapsable={false}
      onGestureEvent={[Function]}
      onGestureHandlerEvent={[Function]}
      onGestureHandlerStateChange={[Function]}
      onHandlerStateChange={[Function]}
      rippleColor={0}
      testID="toggleButton"
    >
      <View
        accessible={true}
        style={
          Object {
            "backgroundColor": "#ffffff",
            "borderRadius": 6,
            "flexDirection": "row",
            "height": 50,
            "justifyContent": "flex-end",
            "opacity": 1,
            "paddingHorizontal": 12,
            "paddingVertical": 8,
          }
        }
      >
        <Image
          source={
            Object {
              "testUri": "../../../src/assets/images/show.png",
            }
          }
          style={
            Object {
              "height": 16,
              "marginRight": 6,
              "width": 16,
            }
          }
        />
        <Text
          style={
            Object {
              "color": "#01D167",
              "fontSize": 12,
            }
          }
        >
          Show card number
        </Text>
      </View>
    </RNGestureHandlerButton>
  </View>,
  <View
    style={
      Object {
        "backgroundColor": "#01D167",
        "borderRadius": 12,
        "height": 398.5507246376812,
        "left": 43.47826086956519,
        "padding": 24,
        "position": "absolute",
        "top": -132.85024154589374,
        "width": 663.0434782608696,
      }
    }
  >
    <View
      style={
        Object {
          "flexDirection": "row",
          "justifyContent": "flex-end",
        }
      }
    >
      <Image
        source={
          Object {
            "testUri": "../../../src/assets/images/white_logo.png",
          }
        }
        style={
          Object {
            "height": 21,
            "width": 74,
          }
        }
      />
    </View>
    <Text
      style={
        Object {
          "color": "#ffffff",
          "fontSize": 22,
          "fontWeight": "bold",
          "marginTop": 20,
        }
      }
    >
      Mark Henry
    </Text>
    <View
      style={
        Object {
          "alignItems": "center",
          "flexDirection": "row",
          "marginTop": 15,
        }
      }
    >
      <View
        style={
          Object {
            "flexDirection": "row",
            "marginRight": 18,
          }
        }
      >
        <View
          style={
            Object {
              "backgroundColor": "#ffffff",
              "borderRadius": 8,
              "height": 8,
              "marginRight": 6,
              "width": 8,
            }
          }
        />
        <View
          style={
            Object {
              "backgroundColor": "#ffffff",
              "borderRadius": 8,
              "height": 8,
              "marginRight": 6,
              "width": 8,
            }
          }
        />
        <View
          style={
            Object {
              "backgroundColor": "#ffffff",
              "borderRadius": 8,
              "height": 8,
              "marginRight": 6,
              "width": 8,
            }
          }
        />
        <View
          style={
            Object {
              "backgroundColor": "#ffffff",
              "borderRadius": 8,
              "height": 8,
              "marginRight": 6,
              "width": 8,
            }
          }
        />
      </View>
      <View
        style={
          Object {
            "flexDirection": "row",
            "marginRight": 18,
          }
        }
      >
        <View
          style={
            Object {
              "backgroundColor": "#ffffff",
              "borderRadius": 8,
              "height": 8,
              "marginRight": 6,
              "width": 8,
            }
          }
        />
        <View
          style={
            Object {
              "backgroundColor": "#ffffff",
              "borderRadius": 8,
              "height": 8,
              "marginRight": 6,
              "width": 8,
            }
          }
        />
        <View
          style={
            Object {
              "backgroundColor": "#ffffff",
              "borderRadius": 8,
              "height": 8,
              "marginRight": 6,
              "width": 8,
            }
          }
        />
        <View
          style={
            Object {
              "backgroundColor": "#ffffff",
              "borderRadius": 8,
              "height": 8,
              "marginRight": 6,
              "width": 8,
            }
          }
        />
      </View>
      <View
        style={
          Object {
            "flexDirection": "row",
            "marginRight": 18,
          }
        }
      >
        <View
          style={
            Object {
              "backgroundColor": "#ffffff",
              "borderRadius": 8,
              "height": 8,
              "marginRight": 6,
              "width": 8,
            }
          }
        />
        <View
          style={
            Object {
              "backgroundColor": "#ffffff",
              "borderRadius": 8,
              "height": 8,
              "marginRight": 6,
              "width": 8,
            }
          }
        />
        <View
          style={
            Object {
              "backgroundColor": "#ffffff",
              "borderRadius": 8,
              "height": 8,
              "marginRight": 6,
              "width": 8,
            }
          }
        />
        <View
          style={
            Object {
              "backgroundColor": "#ffffff",
              "borderRadius": 8,
              "height": 8,
              "marginRight": 6,
              "width": 8,
            }
          }
        />
      </View>
      <Text
        style={
          Object {
            "color": "#ffffff",
            "fontSize": 14,
            "fontWeight": "bold",
            "letterSpacing": 3.5,
            "lineHeight": 19,
          }
        }
      >
        2020
      </Text>
    </View>
    <View
      style={
        Array [
          Object {
            "alignItems": "center",
            "flexDirection": "row",
            "marginTop": 15,
          },
          Object {
            "paddingTop": 0,
          },
        ]
      }
    >
      <Text
        style={
          Object {
            "alignItems": "center",
            "color": "#ffffff",
            "fontSize": 14,
            "fontWeight": "bold",
            "letterSpacing": 1.56,
            "lineHeight": 19,
            "marginRight": 24,
          }
        }
      >
        Thru: 
        12/20
      </Text>
      <View
        style={
          Object {
            "alignItems": "center",
            "flexDirection": "row",
          }
        }
      >
        <Text
          style={
            Object {
              "alignItems": "center",
              "color": "#ffffff",
              "fontSize": 14,
              "fontWeight": "bold",
              "letterSpacing": 1.56,
            }
          }
        >
          CVV:
        </Text>
        <Text
          style={
            Object {
              "color": "#ffffff",
              "fontSize": 24,
              "fontWeight": "bold",
              "marginLeft": 3,
              "paddingTop": 8,
            }
          }
        >
          ***
        </Text>
      </View>
    </View>
    <View
      style={
        Object {
          "flexDirection": "row",
          "justifyContent": "flex-end",
          "marginTop": "auto",
        }
      }
    >
      <Image
        source={
          Object {
            "testUri": "../../../src/assets/images/visa.png",
          }
        }
        style={
          Object {
            "height": 20,
            "width": 59,
          }
        }
      />
    </View>
  </View>,
]
`;
